display.c:88:6:get_font_header	16	static
display.c:97:6:init_frame_buffer	0	static
display.c:117:16:ili9341_get_font_height	0	static
display.c:122:16:ili9341_get_font_width	0	static
display.c:128:16:ili9341_get_width	0	static
display.c:133:16:ili9341_get_height	0	static
display.c:138:5:ili9341_getid	8	static
display.c:152:6:ili9341_turn_display_off	16	static
display.c:159:6:ili9341_init_tft_display	24	static
display.c:262:5:ili9341_set_screen_rotation	16	static
display.c:373:5:ili9341_set_vertical_scrolling_definition	24	static
display.c:390:5:ili9341_set_vertical_scrolling_set_start_addr	16	static
display.c:403:5:ili9341_scroll	16	static
display.c:416:5:ili9341_set_addr_window	32	static
display.c:106:5:ili9341_get_screen_memory	16	static
display.c:323:5:ili9341_update_display	16	static
display.c:341:5:ili9341_load_image	24	static
display.c:524:5:ili9341_print_char	88	dynamic
display.c:447:5:ili9341_print_string	32	static
display.c:591:5:calculate_number_of_bytes_per_line	0	static
display.c:603:6:ili9341_fill_color	24	static
display.c:465:5:ili9341_print_string_newline	40	static
display.c:614:6:ili9341_fill_color_dma	8	static
display.c:621:6:ili9341_tests	16	static
