utility.c:16:5:factorial	16	static
utility.c:27:5:strlen	0	static
utility.c:38:5:strcmp	0	static
utility.c:59:6:arm_jtag_init	32	static
utility.c:94:5:memcmp	4	static
utility.c:146:6:memcpy	0	static
utility.c:160:6:memfill_pattern	12	static
utility.c:173:6:memset	0	static
utility.c:183:6:get_current_time	8	static
utility.c:189:5:calculate_execution_time	16	static
utility.c:197:5:time_sleep	16	static
utility.c:212:5:LEDInit	16	static
utility.c:232:5:LEDTurnon	16	static
utility.c:241:5:LEDTurnoff	16	static
utility.c:221:6:LED_fastblink	8	static
utility.c:272:5:get_memory_alignment	0	static
utility.c:284:6:memory_alignment_tests	8	static
utility.c:309:6:memory_tests	424	static
utility.c:250:6:cache_test	8	static
utility.c:415:6:string_tests	8	static
utility.c:434:6:print_heap_size	0	static
utility.c:440:6:sizeof_tests	8	static
