I2C.c:56:5:check_for_i2c_error	16	static
I2C.c:67:6:i2c_enable	16	static
I2C.c:76:6:start_write_transfer	16	static
I2C.c:87:6:start_read_transfer	16	static
I2C.c:99:6:set_data_delay	24	static
I2C.c:109:6:clear_fifos	16	static
I2C.c:117:6:clear_status_register	8	static
I2C.c:127:6:i2c_set_clk_div	24	static
I2C.c:40:6:i2c_init	16	static
I2C.c:135:6:i2c_set_data_len	24	static
I2C.c:143:6:i2c_get_data_len	8	static
I2C.c:148:6:i2c_set_slave_addr	24	static
I2C.c:156:6:i2c_put_data_byte	0	static
I2C.c:161:6:i2c_get_data_byte	8	static
I2C.c:166:6:i2c_stop_transfer	16	static
I2C.c:14:6:i2c_scan	16	static
I2C.c:176:5:i2c_write	24	static
I2C.c:207:5:i2c_write_reg	40	static
I2C.c:244:6:wait_till_tx_fifo_can_accept_data	16	static
I2C.c:257:6:wait_till_transfer_done	16	static
I2C.c:270:5:wait_till_rx_fifo_contains_data	24	static
I2C.c:289:5:i2c_read	32	static
I2C.c:318:5:i2c_read_reg	24	static
