Interrupts.c:8:6:enable_irq	0	static
Interrupts.c:15:6:enable_fiq	0	static
Interrupts.c:22:6:data_abort_handler	0	static
Interrupts.c:27:5:disable_system_timer_interrupt	16	static
Interrupts.c:36:5:is_system_timer_interrupt_pending	8	static
Interrupts.c:51:5:is_gpio_interrupt_pending	16	static
Interrupts.c:69:5:enable_system_timer_irq_interrupt	24	static
Interrupts.c:92:5:enable_Ft6206_touch_screen_i2c_interrupt	32	static
Interrupts.c:130:5:disable_Ft6206_touch_screen_i2c_interrupt	16	static
Interrupts.c:161:5:enable_system_timer_fiq_interrupt	24	static
Interrupts.c:187:6:c_fiq_handler	16	static
Interrupts.c:215:6:c_irq_handler	16	static
Interrupts.c:241:6:polled_sys_timer_interrupt_handler	16	static
Interrupts.c:272:7:polled_Ft6206_irq_handler	24	static
