Interrupts.c:10:6:enable_irq	0	static
Interrupts.c:17:6:enable_fiq	0	static
Interrupts.c:24:6:data_abort_handler	0	static
Interrupts.c:29:5:disable_system_timer_interrupt	16	static
Interrupts.c:38:5:is_system_timer_interrupt_pending	8	static
Interrupts.c:53:5:is_gpio_interrupt_pending	16	static
Interrupts.c:71:5:enable_system_timer_irq_interrupt	24	static
Interrupts.c:94:5:enable_Ft6206_touch_screen_i2c_interrupt	32	static
Interrupts.c:132:5:disable_Ft6206_touch_screen_i2c_interrupt	16	static
Interrupts.c:163:5:enable_system_timer_fiq_interrupt	24	static
Interrupts.c:189:6:c_fiq_handler	16	static
Interrupts.c:217:6:c_irq_handler	16	static
Interrupts.c:243:6:polled_sys_timer_interrupt_handler	16	static
Interrupts.c:273:7:polled_Ft6206_irq_handler	24	static
