SPI.c:64:6:spi_init	32	static
SPI.c:101:6:set_DC_low_for_command	16	static
SPI.c:110:6:set_DC_high_for_data	16	static
SPI.c:119:6:stop_spi_transfer	8	static
SPI.c:129:6:spi_dma_enable_and_adcs	16	static
SPI.c:139:6:spi_dma_disable_and_adcs	16	static
SPI.c:148:6:start_spi_transfer	24	static
SPI.c:10:5:spi_sendreadcommand	32	static
SPI.c:160:6:wait_for_transfer_complete	16	static
SPI.c:173:6:wait_till_rx_fifo_has_data	16	static
SPI.c:188:6:wait_till_tx_fifo_not_full	16	static
SPI.c:201:5:spi_sendcommand	32	static
SPI.c:248:5:spi_sendbytes	16	static
SPI.c:280:5:spi_getbytes	32	static
