UART.c:18:15:calc_checksum	0	static
UART.c:29:6:init_uart_buf	0	static
UART.c:311:5:uart_recvchar	24	static
UART.c:335:6:uart_putchar	16	static
UART.c:38:6:uart_print_string	16	static
UART.c:49:6:uart_print_string_newline	16	static
UART.c:168:6:uart_print_number_int_hex	56	static
UART.c:248:6:uart_print_unsigned_number	32	static
UART.c:277:6:uart_print_number	32	static
UART.c:61:6:uart_printf	24	static
UART.c:354:5:wait_till_transmitter_done	16	static
UART.c:368:5:UART_disable_transmitter_and_receiver	16	static
UART.c:379:5:UART_enable_transmitter_and_receiver	16	static
UART.c:390:5:UART_clear_FIFOs	16	static
UART.c:401:5:UARTInit	40	static
UART.c:448:5:xmodem_send	16	static
UART.c:466:6:flush_uart_rx_buffer	16	static
UART.c:472:5:xmodem_recv	40	static
UART.c:545:5:uart_tests	8	static
UART.c:554:6:uart_printf_tests	32	static
UART.c:573:6:uart_get_command	32	static
