UART.c:16:15:calc_checksum	0	static
UART.c:27:6:init_uart_buf	0	static
UART.c:309:5:uart_recvchar	24	static
UART.c:333:6:uart_putchar	16	static
UART.c:36:6:uart_print_string	16	static
UART.c:47:6:uart_print_string_newline	16	static
UART.c:166:6:uart_print_number_int_hex	56	static
UART.c:246:6:uart_print_unsigned_number	32	static
UART.c:275:6:uart_print_number	32	static
UART.c:59:6:uart_printf	24	static
UART.c:352:5:wait_till_transmitter_done	16	static
UART.c:366:5:UART_disable_transmitter_and_receiver	16	static
UART.c:377:5:UART_enable_transmitter_and_receiver	16	static
UART.c:388:5:UART_clear_FIFOs	16	static
UART.c:399:5:UARTInit	40	static
UART.c:446:5:xmodem_send	16	static
UART.c:464:6:flush_uart_rx_buffer	16	static
UART.c:470:5:xmodem_recv	40	static
UART.c:543:5:uart_tests	8	static
UART.c:552:6:uart_printf_tests	32	static
