utility.c:16:5:factorial	16	static
utility.c:28:5:strncmp	8	static
utility.c:52:5:strlen	0	static
utility.c:63:5:strcmp	0	static
utility.c:84:6:arm_jtag_init	32	static
utility.c:107:6:BRANCHTO	0	static
utility.c:112:5:memcmp	4	static
utility.c:161:6:memcpy	16	static
utility.c:190:6:memfill_pattern	12	static
utility.c:203:6:memset	16	static
utility.c:240:10:get_current_time	24	static
utility.c:254:14:calculate_execution_time	8	static
utility.c:262:5:time_sleep	16	static
utility.c:277:5:time_sleep_us	16	static
utility.c:292:5:LEDInit	16	static
utility.c:312:5:LEDTurnon	16	static
utility.c:321:5:LEDTurnoff	16	static
utility.c:301:6:LED_fastblink	8	static
utility.c:352:5:get_memory_alignment	0	static
utility.c:364:6:memory_alignment_tests	8	static
utility.c:389:6:memory_tests	432	static
utility.c:330:6:cache_test	16	static
utility.c:496:6:string_tests	24	static
utility.c:511:6:sizeof_tests	32	static
utility.c:533:6:print_heap_size	0	static
utility.c:538:6:malloc_init	8	static
utility.c:546:6:print_malloc_blocks	24	static
utility.c:561:7:malloc	8	static
utility.c:597:6:free	0	static
utility.c:707:6:malloc_garbage_collect	24	static
utility.c:618:6:malloc_tests	128	static
utility.c:742:6:serial_command_parse	4	static
