utility.c:16:5:factorial	16	static
utility.c:27:5:strlen	0	static
utility.c:38:5:strcmp	0	static
utility.c:59:6:arm_jtag_init	32	static
utility.c:93:6:BRANCHTO	0	static
utility.c:98:5:memcmp	4	static
utility.c:150:6:memcpy	0	static
utility.c:164:6:memfill_pattern	12	static
utility.c:177:6:memset	0	static
utility.c:187:6:get_current_time	8	static
utility.c:193:5:calculate_execution_time	16	static
utility.c:201:5:time_sleep	16	static
utility.c:216:5:LEDInit	16	static
utility.c:236:5:LEDTurnon	16	static
utility.c:245:5:LEDTurnoff	16	static
utility.c:225:6:LED_fastblink	8	static
utility.c:276:5:get_memory_alignment	0	static
utility.c:288:6:memory_alignment_tests	8	static
utility.c:313:6:memory_tests	424	static
utility.c:254:6:cache_test	8	static
utility.c:419:6:string_tests	8	static
utility.c:438:6:print_heap_size	0	static
utility.c:444:6:sizeof_tests	8	static
